../Core/Src/main.c:74:6:HAL_UART_TxCpltCallback	16	static
../Core/Src/main.c:81:6:UART_Printf	112	static
../Core/Src/main.c:90:6:UART_Printf_DMA	8	static
../Core/Src/main.c:101:10:Benchmark_UART	32	static
../Core/Src/main.c:147:5:main	24	static
../Core/Src/main.c:231:6:SystemClock_Config	72	static
../Core/Src/main.c:270:13:MX_I2C1_Init	8	static
../Core/Src/main.c:304:13:MX_USART1_UART_Init	8	static
../Core/Src/main.c:335:13:MX_DMA_Init	16	static
../Core/Src/main.c:356:13:MX_GPIO_Init	40	static
../Core/Src/main.c:391:6:Error_Handler	4	static,ignoring_inline_asm
