../Core/Src/main.c:72:6:UART_Printf	112	static
../Core/Src/main.c:81:6:UART_Printf_DMA	112	static
../Core/Src/main.c:94:6:HAL_UART_TxCpltCallback	16	static
../Core/Src/main.c:101:10:Benchmark_UART	32	static
../Core/Src/main.c:147:5:main	16	static
../Core/Src/main.c:232:6:SystemClock_Config	72	static
../Core/Src/main.c:271:13:MX_I2C1_Init	8	static
../Core/Src/main.c:305:13:MX_USART1_UART_Init	8	static
../Core/Src/main.c:336:13:MX_DMA_Init	16	static
../Core/Src/main.c:357:13:MX_GPIO_Init	40	static
../Core/Src/main.c:392:6:Error_Handler	4	static,ignoring_inline_asm
